Archive member included because of file (symbol)

c:/users/20100/downloads/atmel setup_mtgesh gmbo/extensions/atmel/avrgcc/3.4.1.95/avrtoolchain/bin/../lib/gcc/avr/4.6.2/avr5\libgcc.a(_exit.o)
                              c:/users/20100/downloads/atmel setup_mtgesh gmbo/extensions/atmel/avrgcc/3.4.1.95/avrtoolchain/bin/../lib/gcc/avr/4.6.2/../../../../avr/lib/avr5/crtm32.o (exit)
c:/users/20100/downloads/atmel setup_mtgesh gmbo/extensions/atmel/avrgcc/3.4.1.95/avrtoolchain/bin/../lib/gcc/avr/4.6.2/avr5\libgcc.a(_copy_data.o)
                              ADC_driver.o (__do_copy_data)
c:/users/20100/downloads/atmel setup_mtgesh gmbo/extensions/atmel/avrgcc/3.4.1.95/avrtoolchain/bin/../lib/gcc/avr/4.6.2/avr5\libgcc.a(_clear_bss.o)
                              ADC_driver.o (__do_clear_bss)

Memory Configuration

Name             Origin             Length             Attributes
text             0x00000000         0x00020000         xr
data             0x00800060         0x0000ffa0         rw !x
eeprom           0x00810000         0x00010000         rw !x
fuse             0x00820000         0x00000400         rw !x
lock             0x00830000         0x00000400         rw !x
signature        0x00840000         0x00000400         rw !x
*default*        0x00000000         0xffffffff

Linker script and memory map

LOAD c:/users/20100/downloads/atmel setup_mtgesh gmbo/extensions/atmel/avrgcc/3.4.1.95/avrtoolchain/bin/../lib/gcc/avr/4.6.2/../../../../avr/lib/avr5/crtm32.o
LOAD ADC_driver.o
LOAD DIO_driver.o
LOAD EEPROM_driver.o
LOAD Keypad_driver.o
LOAD LCD_driver.o
LOAD LED_driver.o
LOAD Master.o
LOAD Menu.o
LOAD SPI_driver.o
LOAD Timer_driver.o
START GROUP
LOAD c:/users/20100/downloads/atmel setup_mtgesh gmbo/extensions/atmel/avrgcc/3.4.1.95/avrtoolchain/bin/../lib/gcc/avr/4.6.2/../../../../avr/lib/avr5\libm.a
END GROUP
LOAD c:/users/20100/downloads/atmel setup_mtgesh gmbo/extensions/atmel/avrgcc/3.4.1.95/avrtoolchain/bin/../lib/gcc/avr/4.6.2/avr5\libgcc.a
LOAD c:/users/20100/downloads/atmel setup_mtgesh gmbo/extensions/atmel/avrgcc/3.4.1.95/avrtoolchain/bin/../lib/gcc/avr/4.6.2/../../../../avr/lib/avr5\libc.a
LOAD c:/users/20100/downloads/atmel setup_mtgesh gmbo/extensions/atmel/avrgcc/3.4.1.95/avrtoolchain/bin/../lib/gcc/avr/4.6.2/avr5\libgcc.a

.hash
 *(.hash)

.dynsym
 *(.dynsym)

.dynstr
 *(.dynstr)

.gnu.version
 *(.gnu.version)

.gnu.version_d
 *(.gnu.version_d)

.gnu.version_r
 *(.gnu.version_r)

.rel.init
 *(.rel.init)

.rela.init
 *(.rela.init)

.rel.text
 *(.rel.text)
 *(.rel.text.*)
 *(.rel.gnu.linkonce.t*)

.rela.text
 *(.rela.text)
 *(.rela.text.*)
 *(.rela.gnu.linkonce.t*)

.rel.fini
 *(.rel.fini)

.rela.fini
 *(.rela.fini)

.rel.rodata
 *(.rel.rodata)
 *(.rel.rodata.*)
 *(.rel.gnu.linkonce.r*)

.rela.rodata
 *(.rela.rodata)
 *(.rela.rodata.*)
 *(.rela.gnu.linkonce.r*)

.rel.data
 *(.rel.data)
 *(.rel.data.*)
 *(.rel.gnu.linkonce.d*)

.rela.data
 *(.rela.data)
 *(.rela.data.*)
 *(.rela.gnu.linkonce.d*)

.rel.ctors
 *(.rel.ctors)

.rela.ctors
 *(.rela.ctors)

.rel.dtors
 *(.rel.dtors)

.rela.dtors
 *(.rela.dtors)

.rel.got
 *(.rel.got)

.rela.got
 *(.rela.got)

.rel.bss
 *(.rel.bss)

.rela.bss
 *(.rela.bss)

.rel.plt
 *(.rel.plt)

.rela.plt
 *(.rela.plt)

.text           0x00000000     0x18e6
 *(.vectors)
 .vectors       0x00000000       0x54 c:/users/20100/downloads/atmel setup_mtgesh gmbo/extensions/atmel/avrgcc/3.4.1.95/avrtoolchain/bin/../lib/gcc/avr/4.6.2/../../../../avr/lib/avr5/crtm32.o
                0x00000000                __vector_default
                0x00000000                __vectors
 *(.vectors)
 *(.progmem.gcc*)
 *(.progmem*)
                0x00000054                . = ALIGN (0x2)
                0x00000054                __trampolines_start = .
 *(.trampolines)
 .trampolines   0x00000054        0x0 linker stubs
 *(.trampolines*)
                0x00000054                __trampolines_end = .
 *(.jumptables)
 *(.jumptables*)
 *(.lowtext)
 *(.lowtext*)
                0x00000054                __ctors_start = .
 *(.ctors)
                0x00000054                __ctors_end = .
                0x00000054                __dtors_start = .
 *(.dtors)
                0x00000054                __dtors_end = .
 SORT(*)(.ctors)
 SORT(*)(.dtors)
 *(.init0)
 .init0         0x00000054        0x0 c:/users/20100/downloads/atmel setup_mtgesh gmbo/extensions/atmel/avrgcc/3.4.1.95/avrtoolchain/bin/../lib/gcc/avr/4.6.2/../../../../avr/lib/avr5/crtm32.o
                0x00000054                __init
 *(.init0)
 *(.init1)
 *(.init1)
 *(.init2)
 .init2         0x00000054        0xc c:/users/20100/downloads/atmel setup_mtgesh gmbo/extensions/atmel/avrgcc/3.4.1.95/avrtoolchain/bin/../lib/gcc/avr/4.6.2/../../../../avr/lib/avr5/crtm32.o
 *(.init2)
 *(.init3)
 *(.init3)
 *(.init4)
 .init4         0x00000060       0x16 c:/users/20100/downloads/atmel setup_mtgesh gmbo/extensions/atmel/avrgcc/3.4.1.95/avrtoolchain/bin/../lib/gcc/avr/4.6.2/avr5\libgcc.a(_copy_data.o)
                0x00000060                __do_copy_data
 .init4         0x00000076       0x10 c:/users/20100/downloads/atmel setup_mtgesh gmbo/extensions/atmel/avrgcc/3.4.1.95/avrtoolchain/bin/../lib/gcc/avr/4.6.2/avr5\libgcc.a(_clear_bss.o)
                0x00000076                __do_clear_bss
 *(.init4)
 *(.init5)
 *(.init5)
 *(.init6)
 *(.init6)
 *(.init7)
 *(.init7)
 *(.init8)
 *(.init8)
 *(.init9)
 .init9         0x00000086        0x8 c:/users/20100/downloads/atmel setup_mtgesh gmbo/extensions/atmel/avrgcc/3.4.1.95/avrtoolchain/bin/../lib/gcc/avr/4.6.2/../../../../avr/lib/avr5/crtm32.o
 *(.init9)
 *(.text)
 .text          0x0000008e        0x4 c:/users/20100/downloads/atmel setup_mtgesh gmbo/extensions/atmel/avrgcc/3.4.1.95/avrtoolchain/bin/../lib/gcc/avr/4.6.2/../../../../avr/lib/avr5/crtm32.o
                0x0000008e                __vector_1
                0x0000008e                __vector_12
                0x0000008e                __bad_interrupt
                0x0000008e                __vector_6
                0x0000008e                __vector_3
                0x0000008e                __vector_11
                0x0000008e                __vector_13
                0x0000008e                __vector_17
                0x0000008e                __vector_19
                0x0000008e                __vector_7
                0x0000008e                __vector_5
                0x0000008e                __vector_4
                0x0000008e                __vector_9
                0x0000008e                __vector_2
                0x0000008e                __vector_15
                0x0000008e                __vector_8
                0x0000008e                __vector_14
                0x0000008e                __vector_16
                0x0000008e                __vector_18
                0x0000008e                __vector_20
 .text          0x00000092       0x24 ADC_driver.o
                0x00000092                ADC_vInit
                0x0000009e                ADC_u16Read
 .text          0x000000b6      0x65a DIO_driver.o
                0x000000b6                DIO_set_PINDir
                0x000001d8                DIO_Write
                0x000002fa                DIO_u8read
                0x000003c4                DIO_Toggle
                0x0000045e                DIO_SET_Port_Direction
                0x0000049c                DIO_WRITE_PORT
                0x000004da                DIO_Read_PORT
                0x0000051c                DIO_vConnectPullup
                0x0000063e                DIO_Write_Low_Nibble
                0x000006a6                DIO_Write_High_Nibble
 .text          0x00000710       0x1a EEPROM_driver.o
                0x00000710                EEPROM_Write
                0x00000720                EEPROM_Read
 .text          0x0000072a      0x136 Keypad_driver.o
                0x0000072a                KeyPad_vInit
                0x000007a8                KeyPad_u8Check_Pressed
 .text          0x00000860      0x1e8 LCD_driver.o
                0x0000088e                LCD_vSend_Cmd
                0x000008d2                LCD_vInit
                0x00000990                LCD_vSend_char
                0x000009d4                LCD_vSend_String
                0x000009f2                LCD_Clear_Screen
                0x00000a06                LCD_Move_Cursor
 .text          0x00000a48       0x1e LED_driver.o
                0x00000a48                LED_vInit
                0x00000a50                LED_vTurnOn
                0x00000a58                LED_vTurnOFF
                0x00000a60                LED_vToggle
 .text          0x00000a66      0xbe2 Master.o
                0x00000a66                main
                0x0000161a                __vector_10
 .text          0x00001648      0x1dc Menu.o
                0x00001648                Menu_Options
 .text          0x00001824       0x62 SPI_driver.o
                0x00001824                SPI_MasterInit
                0x00001854                SPI_SlaveInit
                0x00001862                SPI_MasterTransmitchar
                0x0000187c                SPI_SlaveReceiverchar
 .text          0x00001886       0x5c Timer_driver.o
                0x00001886                Timer_stop_CTC_mode
                0x0000189a                Timer_CTC_Init_interrupt
                0x000018c6                Timer2_OverFlow_Init_interrupt
 .text          0x000018e2        0x0 c:/users/20100/downloads/atmel setup_mtgesh gmbo/extensions/atmel/avrgcc/3.4.1.95/avrtoolchain/bin/../lib/gcc/avr/4.6.2/avr5\libgcc.a(_exit.o)
 .text          0x000018e2        0x0 c:/users/20100/downloads/atmel setup_mtgesh gmbo/extensions/atmel/avrgcc/3.4.1.95/avrtoolchain/bin/../lib/gcc/avr/4.6.2/avr5\libgcc.a(_copy_data.o)
 .text          0x000018e2        0x0 c:/users/20100/downloads/atmel setup_mtgesh gmbo/extensions/atmel/avrgcc/3.4.1.95/avrtoolchain/bin/../lib/gcc/avr/4.6.2/avr5\libgcc.a(_clear_bss.o)
                0x000018e2                . = ALIGN (0x2)
 *(.text.*)
 .text.libgcc   0x000018e2        0x0 c:/users/20100/downloads/atmel setup_mtgesh gmbo/extensions/atmel/avrgcc/3.4.1.95/avrtoolchain/bin/../lib/gcc/avr/4.6.2/avr5\libgcc.a(_exit.o)
 .text.libgcc   0x000018e2        0x0 c:/users/20100/downloads/atmel setup_mtgesh gmbo/extensions/atmel/avrgcc/3.4.1.95/avrtoolchain/bin/../lib/gcc/avr/4.6.2/avr5\libgcc.a(_copy_data.o)
 .text.libgcc   0x000018e2        0x0 c:/users/20100/downloads/atmel setup_mtgesh gmbo/extensions/atmel/avrgcc/3.4.1.95/avrtoolchain/bin/../lib/gcc/avr/4.6.2/avr5\libgcc.a(_clear_bss.o)
                0x000018e2                . = ALIGN (0x2)
 *(.fini9)
 .fini9         0x000018e2        0x0 c:/users/20100/downloads/atmel setup_mtgesh gmbo/extensions/atmel/avrgcc/3.4.1.95/avrtoolchain/bin/../lib/gcc/avr/4.6.2/avr5\libgcc.a(_exit.o)
                0x000018e2                _exit
                0x000018e2                exit
 *(.fini9)
 *(.fini8)
 *(.fini8)
 *(.fini7)
 *(.fini7)
 *(.fini6)
 *(.fini6)
 *(.fini5)
 *(.fini5)
 *(.fini4)
 *(.fini4)
 *(.fini3)
 *(.fini3)
 *(.fini2)
 *(.fini2)
 *(.fini1)
 *(.fini1)
 *(.fini0)
 .fini0         0x000018e2        0x4 c:/users/20100/downloads/atmel setup_mtgesh gmbo/extensions/atmel/avrgcc/3.4.1.95/avrtoolchain/bin/../lib/gcc/avr/4.6.2/avr5\libgcc.a(_exit.o)
 *(.fini0)
                0x000018e6                _etext = .

.data           0x00800060      0x286 load address 0x000018e6
                0x00800060                PROVIDE (__data_start, .)
 *(.data)
 .data          0x00800060        0x0 c:/users/20100/downloads/atmel setup_mtgesh gmbo/extensions/atmel/avrgcc/3.4.1.95/avrtoolchain/bin/../lib/gcc/avr/4.6.2/../../../../avr/lib/avr5/crtm32.o
 .data          0x00800060        0x0 ADC_driver.o
 .data          0x00800060        0x0 DIO_driver.o
 .data          0x00800060        0x0 EEPROM_driver.o
 .data          0x00800060       0x10 Keypad_driver.o
 .data          0x00800070        0x0 LCD_driver.o
 .data          0x00800070        0x0 LED_driver.o
 .data          0x00800070      0x219 Master.o
                0x00800287                Key_Pressed
                0x00800288                show_menu
 .data          0x00800289       0x5c Menu.o
 .data          0x008002e5        0x0 SPI_driver.o
 .data          0x008002e5        0x0 Timer_driver.o
 .data          0x008002e5        0x0 c:/users/20100/downloads/atmel setup_mtgesh gmbo/extensions/atmel/avrgcc/3.4.1.95/avrtoolchain/bin/../lib/gcc/avr/4.6.2/avr5\libgcc.a(_exit.o)
 .data          0x008002e5        0x0 c:/users/20100/downloads/atmel setup_mtgesh gmbo/extensions/atmel/avrgcc/3.4.1.95/avrtoolchain/bin/../lib/gcc/avr/4.6.2/avr5\libgcc.a(_copy_data.o)
 .data          0x008002e5        0x0 c:/users/20100/downloads/atmel setup_mtgesh gmbo/extensions/atmel/avrgcc/3.4.1.95/avrtoolchain/bin/../lib/gcc/avr/4.6.2/avr5\libgcc.a(_clear_bss.o)
 *(.data*)
 *(.rodata)
 *(.rodata*)
 *(.gnu.linkonce.d*)
                0x008002e6                . = ALIGN (0x2)
 *fill*         0x008002e5        0x1 00
                0x008002e6                _edata = .
                0x008002e6                PROVIDE (__data_end, .)

.bss            0x008002e6        0x3
                0x008002e6                PROVIDE (__bss_start, .)
 *(.bss)
 .bss           0x008002e6        0x0 c:/users/20100/downloads/atmel setup_mtgesh gmbo/extensions/atmel/avrgcc/3.4.1.95/avrtoolchain/bin/../lib/gcc/avr/4.6.2/../../../../avr/lib/avr5/crtm32.o
 .bss           0x008002e6        0x0 ADC_driver.o
 .bss           0x008002e6        0x0 DIO_driver.o
 .bss           0x008002e6        0x0 EEPROM_driver.o
 .bss           0x008002e6        0x0 Keypad_driver.o
 .bss           0x008002e6        0x0 LCD_driver.o
 .bss           0x008002e6        0x0 LED_driver.o
 .bss           0x008002e6        0x3 Master.o
                0x008002e6                TIME_OUT_FLAG
                0x008002e7                session_counter
 .bss           0x008002e9        0x0 Menu.o
 .bss           0x008002e9        0x0 SPI_driver.o
 .bss           0x008002e9        0x0 Timer_driver.o
 .bss           0x008002e9        0x0 c:/users/20100/downloads/atmel setup_mtgesh gmbo/extensions/atmel/avrgcc/3.4.1.95/avrtoolchain/bin/../lib/gcc/avr/4.6.2/avr5\libgcc.a(_exit.o)
 .bss           0x008002e9        0x0 c:/users/20100/downloads/atmel setup_mtgesh gmbo/extensions/atmel/avrgcc/3.4.1.95/avrtoolchain/bin/../lib/gcc/avr/4.6.2/avr5\libgcc.a(_copy_data.o)
 .bss           0x008002e9        0x0 c:/users/20100/downloads/atmel setup_mtgesh gmbo/extensions/atmel/avrgcc/3.4.1.95/avrtoolchain/bin/../lib/gcc/avr/4.6.2/avr5\libgcc.a(_clear_bss.o)
 *(.bss*)
 *(COMMON)
                0x008002e9                PROVIDE (__bss_end, .)
                0x000018e6                __data_load_start = LOADADDR (.data)
                0x00001b6c                __data_load_end = (__data_load_start + SIZEOF (.data))

.noinit         0x008002e9        0x0
                0x008002e9                PROVIDE (__noinit_start, .)
 *(.noinit*)
                0x008002e9                PROVIDE (__noinit_end, .)
                0x008002e9                _end = .
                0x008002e9                PROVIDE (__heap_start, .)

.eeprom         0x00810000        0x0
 *(.eeprom*)
                0x00810000                __eeprom_end = .

.fuse
 *(.fuse)
 *(.lfuse)
 *(.hfuse)
 *(.efuse)

.lock
 *(.lock*)

.signature
 *(.signature*)

.stab           0x00000000      0x6cc
 *(.stab)
 .stab          0x00000000      0x6cc c:/users/20100/downloads/atmel setup_mtgesh gmbo/extensions/atmel/avrgcc/3.4.1.95/avrtoolchain/bin/../lib/gcc/avr/4.6.2/../../../../avr/lib/avr5/crtm32.o

.stabstr        0x00000000       0x85
 *(.stabstr)
 .stabstr       0x00000000       0x85 c:/users/20100/downloads/atmel setup_mtgesh gmbo/extensions/atmel/avrgcc/3.4.1.95/avrtoolchain/bin/../lib/gcc/avr/4.6.2/../../../../avr/lib/avr5/crtm32.o

.stab.excl
 *(.stab.excl)

.stab.exclstr
 *(.stab.exclstr)

.stab.index
 *(.stab.index)

.stab.indexstr
 *(.stab.indexstr)

.comment
 *(.comment)

.debug
 *(.debug)

.line
 *(.line)

.debug_srcinfo
 *(.debug_srcinfo)

.debug_sfnames
 *(.debug_sfnames)

.debug_aranges  0x00000000      0x1a0
 *(.debug_aranges)
 .debug_aranges
                0x00000000       0x20 ADC_driver.o
 .debug_aranges
                0x00000020       0x20 DIO_driver.o
 .debug_aranges
                0x00000040       0x20 EEPROM_driver.o
 .debug_aranges
                0x00000060       0x20 Keypad_driver.o
 .debug_aranges
                0x00000080       0x20 LCD_driver.o
 .debug_aranges
                0x000000a0       0x20 LED_driver.o
 .debug_aranges
                0x000000c0       0x20 Master.o
 .debug_aranges
                0x000000e0       0x20 Menu.o
 .debug_aranges
                0x00000100       0x20 SPI_driver.o
 .debug_aranges
                0x00000120       0x20 Timer_driver.o
 .debug_aranges
                0x00000140       0x20 c:/users/20100/downloads/atmel setup_mtgesh gmbo/extensions/atmel/avrgcc/3.4.1.95/avrtoolchain/bin/../lib/gcc/avr/4.6.2/avr5\libgcc.a(_exit.o)
 .debug_aranges
                0x00000160       0x20 c:/users/20100/downloads/atmel setup_mtgesh gmbo/extensions/atmel/avrgcc/3.4.1.95/avrtoolchain/bin/../lib/gcc/avr/4.6.2/avr5\libgcc.a(_copy_data.o)
 .debug_aranges
                0x00000180       0x20 c:/users/20100/downloads/atmel setup_mtgesh gmbo/extensions/atmel/avrgcc/3.4.1.95/avrtoolchain/bin/../lib/gcc/avr/4.6.2/avr5\libgcc.a(_clear_bss.o)

.debug_pubnames
 *(.debug_pubnames)

.debug_info     0x00000000     0x1b6b
 *(.debug_info)
 .debug_info    0x00000000       0xb2 ADC_driver.o
 .debug_info    0x000000b2      0x2d9 DIO_driver.o
 .debug_info    0x0000038b       0xd2 EEPROM_driver.o
 .debug_info    0x0000045d       0xe8 Keypad_driver.o
 .debug_info    0x00000545      0x4b5 LCD_driver.o
 .debug_info    0x000009fa      0x109 LED_driver.o
 .debug_info    0x00000b03      0xa10 Master.o
 .debug_info    0x00001513      0x230 Menu.o
 .debug_info    0x00001743       0xe9 SPI_driver.o
 .debug_info    0x0000182c       0xa8 Timer_driver.o
 .debug_info    0x000018d4       0xdd c:/users/20100/downloads/atmel setup_mtgesh gmbo/extensions/atmel/avrgcc/3.4.1.95/avrtoolchain/bin/../lib/gcc/avr/4.6.2/avr5\libgcc.a(_exit.o)
 .debug_info    0x000019b1       0xdd c:/users/20100/downloads/atmel setup_mtgesh gmbo/extensions/atmel/avrgcc/3.4.1.95/avrtoolchain/bin/../lib/gcc/avr/4.6.2/avr5\libgcc.a(_copy_data.o)
 .debug_info    0x00001a8e       0xdd c:/users/20100/downloads/atmel setup_mtgesh gmbo/extensions/atmel/avrgcc/3.4.1.95/avrtoolchain/bin/../lib/gcc/avr/4.6.2/avr5\libgcc.a(_clear_bss.o)
 *(.gnu.linkonce.wi.*)

.debug_abbrev   0x00000000      0x7ec
 *(.debug_abbrev)
 .debug_abbrev  0x00000000       0x74 ADC_driver.o
 .debug_abbrev  0x00000074       0xcf DIO_driver.o
 .debug_abbrev  0x00000143       0x83 EEPROM_driver.o
 .debug_abbrev  0x000001c6       0x9d Keypad_driver.o
 .debug_abbrev  0x00000263      0x15c LCD_driver.o
 .debug_abbrev  0x000003bf       0x5a LED_driver.o
 .debug_abbrev  0x00000419      0x17e Master.o
 .debug_abbrev  0x00000597      0x142 Menu.o
 .debug_abbrev  0x000006d9       0x8b SPI_driver.o
 .debug_abbrev  0x00000764       0x4c Timer_driver.o
 .debug_abbrev  0x000007b0       0x14 c:/users/20100/downloads/atmel setup_mtgesh gmbo/extensions/atmel/avrgcc/3.4.1.95/avrtoolchain/bin/../lib/gcc/avr/4.6.2/avr5\libgcc.a(_exit.o)
 .debug_abbrev  0x000007c4       0x14 c:/users/20100/downloads/atmel setup_mtgesh gmbo/extensions/atmel/avrgcc/3.4.1.95/avrtoolchain/bin/../lib/gcc/avr/4.6.2/avr5\libgcc.a(_copy_data.o)
 .debug_abbrev  0x000007d8       0x14 c:/users/20100/downloads/atmel setup_mtgesh gmbo/extensions/atmel/avrgcc/3.4.1.95/avrtoolchain/bin/../lib/gcc/avr/4.6.2/avr5\libgcc.a(_clear_bss.o)

.debug_line     0x00000000     0x10e8
 *(.debug_line)
 .debug_line    0x00000000       0xeb ADC_driver.o
 .debug_line    0x000000eb      0x170 DIO_driver.o
 .debug_line    0x0000025b       0xee EEPROM_driver.o
 .debug_line    0x00000349       0x63 Keypad_driver.o
 .debug_line    0x000003ac      0x237 LCD_driver.o
 .debug_line    0x000005e3       0x49 LED_driver.o
 .debug_line    0x0000062c      0x532 Master.o
 .debug_line    0x00000b5e      0x1f7 Menu.o
 .debug_line    0x00000d55       0xf9 SPI_driver.o
 .debug_line    0x00000e4e       0xf3 Timer_driver.o
 .debug_line    0x00000f41       0x88 c:/users/20100/downloads/atmel setup_mtgesh gmbo/extensions/atmel/avrgcc/3.4.1.95/avrtoolchain/bin/../lib/gcc/avr/4.6.2/avr5\libgcc.a(_exit.o)
 .debug_line    0x00000fc9       0x91 c:/users/20100/downloads/atmel setup_mtgesh gmbo/extensions/atmel/avrgcc/3.4.1.95/avrtoolchain/bin/../lib/gcc/avr/4.6.2/avr5\libgcc.a(_copy_data.o)
 .debug_line    0x0000105a       0x8e c:/users/20100/downloads/atmel setup_mtgesh gmbo/extensions/atmel/avrgcc/3.4.1.95/avrtoolchain/bin/../lib/gcc/avr/4.6.2/avr5\libgcc.a(_clear_bss.o)

.debug_frame    0x00000000      0x3e0
 *(.debug_frame)
 .debug_frame   0x00000000       0x34 ADC_driver.o
 .debug_frame   0x00000034       0xb4 DIO_driver.o
 .debug_frame   0x000000e8       0x34 EEPROM_driver.o
 .debug_frame   0x0000011c       0x5c Keypad_driver.o
 .debug_frame   0x00000178       0xa0 LCD_driver.o
 .debug_frame   0x00000218       0x54 LED_driver.o
 .debug_frame   0x0000026c       0x58 Master.o
 .debug_frame   0x000002c4       0x7c Menu.o
 .debug_frame   0x00000340       0x5c SPI_driver.o
 .debug_frame   0x0000039c       0x44 Timer_driver.o

.debug_str      0x00000000      0x552
 *(.debug_str)
 .debug_str     0x00000000       0xd2 ADC_driver.o
                                0x106 (size before relaxing)
 .debug_str     0x000000d2       0xeb DIO_driver.o
                                0x1c6 (size before relaxing)
 .debug_str     0x000001bd       0x3b EEPROM_driver.o
                                0x10c (size before relaxing)
 .debug_str     0x000001f8       0x39 Keypad_driver.o
                                 0xb9 (size before relaxing)
 .debug_str     0x00000231       0xe1 LCD_driver.o
                                0x1a8 (size before relaxing)
 .debug_str     0x00000312       0x41 LED_driver.o
                                 0xb1 (size before relaxing)
 .debug_str     0x00000353       0xd5 Master.o
                                0x1fa (size before relaxing)
 .debug_str     0x00000428       0x69 Menu.o
                                0x1cb (size before relaxing)
 .debug_str     0x00000491       0x61 SPI_driver.o
                                0x11f (size before relaxing)
 .debug_str     0x000004f2       0x60 Timer_driver.o
                                0x11e (size before relaxing)

.debug_loc      0x00000000     0x18db
 *(.debug_loc)
 .debug_loc     0x00000000       0x2e ADC_driver.o
 .debug_loc     0x0000002e      0x617 DIO_driver.o
 .debug_loc     0x00000645       0x18 EEPROM_driver.o
 .debug_loc     0x0000065d      0x184 Keypad_driver.o
 .debug_loc     0x000007e1      0x133 LCD_driver.o
 .debug_loc     0x00000914       0x98 LED_driver.o
 .debug_loc     0x000009ac      0xc15 Master.o
 .debug_loc     0x000015c1      0x2af Menu.o
 .debug_loc     0x00001870       0x6b SPI_driver.o

.debug_macinfo
 *(.debug_macinfo)
OUTPUT(Master.elf elf32-avr)
LOAD linker stubs
